node.exe : npm warn config ignoring workspace config at 
D:\Repos\doatg\match-day-itinerary-planner\frontend/.npmrc
At C:\Users\hp\AppData\Roaming\npm\npm.ps1:24 char:5
+     & "node$exe"  "$basedir/node_modules/npm/bin/npm-cli.js" $args
+     ~~~~~~~~~~~~~~~~~~~~~~~~~~~~~~~~~~~~~~~~~~~~~~~~~~~~~~~~~~~~~~
    + CategoryInfo          : NotSpecified: (npm warn config...frontend/.npmrc 
   :String) [], RemoteException
    + FullyQualifiedErrorId : NativeCommandError
 

> ltfc-frontend@1.0.0 build
> vite build

[36mvite v7.3.1 [32mbuilding client environment for production...[36m[39m
transforming...
[32mΓ£ô[39m 1817 modules transformed.
rendering chunks...
computing gzip size...
[2mdist/[22m[32mindex.html                 [39m[1m[2m  0.62 kB[22m[1m[22m[2m Γöé gzip:  0.40 kB[22m
[2mdist/[22m[35massets/index-aszv8MtO.css  [39m[1m[2m 45.92 kB[22m[1m[22m[2m Γöé gzip:  8.55 kB[22m
[2mdist/[22m[36massets/crypto-B9La2YWa.js  [39m[1m[2m  0.04 kB[22m[1m[22m[2m Γöé gzip:  0.06 kB[22m
[2mdist/[22m[36massets/index-CKoaBW6q.js   [39m[1m[2m207.88 kB[22m[1m[22m[2m Γöé gzip: 65.89 kB[22m
[32mΓ£ô built in 4.19s[39m
